[www.ifiteducation.in/index.html]
[backblue.gif]
[fade.gif]
[index.html]
[cdnjs.cloudflare.com/ajax/libs/font-awesome/5.10.0/css/all.min.css]
[cdn.jsdelivr.net/npm/bootstrap-icons@1.4.1/font/bootstrap-icons.css]
[www.ifiteducation.in/lib/animate/animate.min.css]
[www.ifiteducation.in/lib/owlcarousel/assets/owl.carousel.min.css]
[www.ifiteducation.in/css/bootstrap.min.css]
[www.ifiteducation.in/css/style.css]
[www.ifiteducation.in/index-2.html]
[www.ifiteducation.in/img/logo.png]
[www.ifiteducation.in/about.html]
[www.ifiteducation.in/courses.html]
[www.ifiteducation.in/team.html]
[www.ifiteducation.in/testimonial.html]
[www.ifiteducation.in/gallery.html]
[www.ifiteducation.in/404.html]
[www.ifiteducation.in/contact.html]
[www.ifiteducation.in/img/carousel-2.jpg]
[www.ifiteducation.in/VERIFY/index.html]
[www.ifiteducation.in/img/carousel-1.jpg]
[www.ifiteducation.in/img/carousel-3.jpg]
[www.ifiteducation.in/img/about.jpg]
[www.ifiteducation.in/img/cat-1.jpg]
[www.ifiteducation.in/img/cat-2.jpg]
[www.ifiteducation.in/img/cat-3.jpg]
[www.ifiteducation.in/img/cat-4.jpg]
[www.ifiteducation.in/img/course-1copy1.jpg]
[www.ifiteducation.in/img/course-2copy2.jpg]
[www.ifiteducation.in/img/course-3copy3.jpg]
[www.ifiteducation.in/img/course-2copy.jpg]
[www.ifiteducation.in/img/course-1copy.jpg]
[www.ifiteducation.in/img/course-3copy.jpg]
[www.ifiteducation.in/img/team-1.jpg]
[www.ifiteducation.in/img/team-2.jpg]
[www.ifiteducation.in/img/team-3.jpg]
[www.ifiteducation.in/img/team-4.jpg]
[www.ifiteducation.in/img/testimonial-1.jpg]
[www.ifiteducation.in/img/testimonial-2.jpg]
[www.ifiteducation.in/img/testimonial-3.jpg]
[www.ifiteducation.in/img/testimonial-4.jpg]
[www.ifiteducation.in/img/testimonial-5.jpg]
[www.ifiteducation.in/img/testimonial-6.jpg]
[www.ifiteducation.in/img/testimonial-7.jpg]
[www.ifiteducation.in/img/testimonial-8.jpg]
[www.ifiteducation.in/img/gallery1.jpg]
[www.ifiteducation.in/img/gallery2.jpg]
[www.ifiteducation.in/img/gallery3.jpg]
[www.ifiteducation.in/img/gallery7.jpg]
[www.ifiteducation.in/img/gallery8.jpg]
[www.ifiteducation.in/img/gallery9.jpg]
[www.ifiteducation.in/img/gallery10.jpg]
[www.ifiteducation.in/img/gallery11.jpg]
[www.ifiteducation.in/img/gallery12.jpg]
[code.jquery.com/jquery-3.4.1.min.js]
[cdn.jsdelivr.net/npm/bootstrap@5.0.0/dist/js/bootstrap.bundle.min.js]
[www.ifiteducation.in/lib/wow/wow.min.js]
[www.ifiteducation.in/lib/easing/easing.min.js]
[www.ifiteducation.in/lib/waypoints/waypoints.min.js]
[www.ifiteducation.in/lib/owlcarousel/owl.carousel.min.js]
[www.ifiteducation.in/js/main.js]
[www.ifiteducation.in/index.html]
[www.ifiteducation.in/img/favicon.html]
[cdnjs.cloudflare.com/ajax/libs/font-awesome/5.10.0/css/all.min.css]
[cdn.jsdelivr.net/npm/bootstrap-icons@1.4.1/font/fonts/bootstrap-iconsfb95.woff]
[cdn.jsdelivr.net/npm/bootstrap-icons@1.4.1/font/bootstrap-icons.css]
[www.ifiteducation.in/lib/animate/animate.min.css]
[www.ifiteducation.in/lib/owlcarousel/assets/owl.video.play.png]
[www.ifiteducation.in/lib/owlcarousel/assets/owl.carousel.min.css]
[www.ifiteducation.in/css/bootstrap.min.css]
[www.ifiteducation.in/css/style.css]
[www.ifiteducation.in/index-2.html]
[www.ifiteducation.in/about.html]
[www.ifiteducation.in/courses.html]
[www.ifiteducation.in/team.html]
[www.ifiteducation.in/testimonial.html]
[www.ifiteducation.in/img/gallery4.jpg]
[www.ifiteducation.in/img/gallery5.jpg]
[www.ifiteducation.in/img/gallery6.jpg]
[www.ifiteducation.in/img/gallery13.jpg]
[www.ifiteducation.in/img/gallery14.jpg]
[www.ifiteducation.in/img/gallery15.jpg]
[www.ifiteducation.in/img/gallery16.jpg]
[www.ifiteducation.in/img/gallery17.jpg]
[www.ifiteducation.in/img/gallery18.jpg]
[www.ifiteducation.in/img/gallery19.jpg]
[www.ifiteducation.in/img/gallery20.jpg]
[www.ifiteducation.in/img/gallery21.jpg]
[www.ifiteducation.in/img/gallery22.jpg]
[www.ifiteducation.in/img/gallery23.jpg]
[www.ifiteducation.in/img/gallery24.jpg]
[www.ifiteducation.in/gallery.html]
[www.ifiteducation.in/404.html]
[www.ifiteducation.in/Verify/Enquiry.html]
[www.ifiteducation.in/contact.html]
[www.ifiteducation.in/LOGO.png]
[www.ifiteducation.in/VERIFY/lib/owlcarousel/assets/owl.carousel.min.css]
[www.ifiteducation.in/VERIFY/css/style.css]
[www.ifiteducation.in/WebResourcef8f6.js]
[www.ifiteducation.in/ScriptResource5ef4.js]
[www.ifiteducation.in/ScriptResourcec3f1.js]
[www.ifiteducation.in/ScriptResourcec3da.js]
[www.ifiteducation.in/VERIFY/Enquiry-2.html]
[stackpath.bootstrapcdn.com/bootstrap/4.4.1/js/bootstrap.bundle.min.js]
[www.ifiteducation.in/Verify/index-2.html]
[www.ifiteducation.in/VERIFY/index.html]
[www.ifiteducation.in/style.html]
[cdn.jsdelivr.net/npm/bootstrap-icons@1.4.1/font/fonts/bootstrap-iconsfb95.woff2]
[www.ifiteducation.in/Verify/lib/owlcarousel/assets/owl.carousel.min-2.css]
[www.ifiteducation.in/Verify/css/style-2.css]
[www.ifiteducation.in/WebResource65de.css]
[www.ifiteducation.in/ScriptResource64a4.axd]
[www.ifiteducation.in/ScriptResource6c1f.axd]
[www.ifiteducation.in/ScriptResource15d3.axd]
[www.ifiteducation.in/ScriptResource5fb4.axd]
[www.ifiteducation.in/ScriptResourced0fb.axd]
[www.ifiteducation.in/Verify/Enquiry.html]
[www.ifiteducation.in/VERIFY/lib/owlcarousel/assets/owl.video.play.png]
[www.ifiteducation.in/VERIFY/lib/owlcarousel/assets/owl.carousel.min.css]
[www.ifiteducation.in/VERIFY/css/style.css]
[www.ifiteducation.in/WebResourcef8f6.js]
[www.ifiteducation.in/ScriptResource5ef4.js]
[www.ifiteducation.in/ScriptResourcec3f1.js]
[www.ifiteducation.in/ScriptResourcec3da.js]
[www.ifiteducation.in/course.html]
[www.ifiteducation.in/teacher.html]
[www.ifiteducation.in/blog.html]
[www.ifiteducation.in/single.html]
[www.ifiteducation.in/VERIFY/Enquiry-2.html]
[www.ifiteducation.in/Verify/index-2.html]
[www.ifiteducation.in/mail/jqBootstrapValidation.min.html]
[www.ifiteducation.in/mail/contact.html]
[www.ifiteducation.in/Verify/lib/owlcarousel/assets/owl.video.play-2.png]
[www.ifiteducation.in/Verify/lib/owlcarousel/assets/owl.carousel.min-2.css]
[www.ifiteducation.in/Verify/css/style-2.css]
[www.ifiteducation.in/WebResourced45a.gif]
[www.ifiteducation.in/WebResourcece98.gif]
[www.ifiteducation.in/WebResourceb60e.gif]
[www.ifiteducation.in/WebResource78ac.gif]
[www.ifiteducation.in/WebResource2e7f.gif]
[www.ifiteducation.in/WebResourcedc58.gif]
[www.ifiteducation.in/WebResourcef455.png]
[www.ifiteducation.in/WebResource33d2.gif]
[www.ifiteducation.in/WebResource91f3.png]
[www.ifiteducation.in/WebResourceb66f.gif]
[www.ifiteducation.in/WebResource2d25.gif]
[www.ifiteducation.in/WebResource6ab3.gif]
[www.ifiteducation.in/WebResource965a.gif]
[www.ifiteducation.in/WebResource2702.gif]
[www.ifiteducation.in/WebResourcecd00.gif]
[www.ifiteducation.in/WebResourceb2ca.gif]
[www.ifiteducation.in/WebResource9d69.gif]
[www.ifiteducation.in/WebResourcebaa5.gif]
[www.ifiteducation.in/WebResource2730.gif]
[www.ifiteducation.in/WebResource1168.gif]
[www.ifiteducation.in/WebResource8a70.gif]
[www.ifiteducation.in/WebResource7461.gif]
[www.ifiteducation.in/WebResourcee693.gif]
[www.ifiteducation.in/WebResource483d.gif]
[www.ifiteducation.in/WebResourceaefa.gif]
[www.ifiteducation.in/WebResourced1cc.gif]
[www.ifiteducation.in/WebResource5e3d.gif]
[www.ifiteducation.in/WebResourcee3ea.gif]
[www.ifiteducation.in/WebResource0d0e.gif]
[www.ifiteducation.in/WebResource2577.gif]
[www.ifiteducation.in/WebResourcefbf1.gif]
[www.ifiteducation.in/WebResourcebe6c.gif]
[www.ifiteducation.in/WebResource813b.gif]
[www.ifiteducation.in/WebResourcee3b5.gif]
[www.ifiteducation.in/WebResourcedbae.gif]
[www.ifiteducation.in/WebResource680e.gif]
[www.ifiteducation.in/WebResource0678.gif]
[www.ifiteducation.in/WebResource3c81.gif]
[www.ifiteducation.in/WebResource19f2.gif]
[www.ifiteducation.in/WebResource49e0.gif]
[www.ifiteducation.in/WebResource36bc.gif]
[www.ifiteducation.in/WebResource2486.gif]
[www.ifiteducation.in/WebResourcee35a.gif]
[www.ifiteducation.in/WebResourcea35c.gif]
[www.ifiteducation.in/WebResource43ac.gif]
[www.ifiteducation.in/WebResource230d.gif]
[www.ifiteducation.in/WebResourcef372.gif]
[www.ifiteducation.in/WebResourcea092.gif]
[www.ifiteducation.in/WebResource4ef4.gif]
[www.ifiteducation.in/WebResourcedbe1.gif]
[www.ifiteducation.in/WebResource4d21.gif]
[www.ifiteducation.in/WebResourcea862.gif]
[www.ifiteducation.in/WebResource53d5.gif]
[www.ifiteducation.in/WebResourceab2a.gif]
[www.ifiteducation.in/WebResource1fe0.gif]
[www.ifiteducation.in/WebResourcedcb6.gif]
[www.ifiteducation.in/WebResourcec011.gif]
[www.ifiteducation.in/WebResourcea6d1.png]
[www.ifiteducation.in/WebResource65de.css]
[www.ifiteducation.in/VERIFY/img/page-header.html]
[www.ifiteducation.in/VERIFY/img/registration.html]
[www.ifiteducation.in/VERIFY/POST.html]
[www.ifiteducation.in/VERIFY/Firefox/index.html]
[www.ifiteducation.in/VERIFY/AppleWebKit/index.html]
[www.ifiteducation.in/VERIFY/Opera/index.html]
[www.ifiteducation.in/VERIFY/MicrosoftAjaxWebForms.html]
[www.ifiteducation.in/VERIFY/MicrosoftAjaxSerialization.html]
[www.ifiteducation.in/VERIFY/MicrosoftAjaxNetwork.html]
[code.tidio.co_443/lfibhuhttajjfpucjteoaijtfqf9lwa8.js]
[www.ifiteducation.in/Verify/img/page-header-2.html]
[www.ifiteducation.in/Verify/img/registration-2.html]
